// Jest Snapshot v1, https://goo.gl/fbAQLP

exports[`Given a Dog breed service When a request to list dog breed nature categories is made Then it should return the right data 1`] = `
Array [
  Object {
    "id": 1,
    "name": "Intelligent",
  },
]
`;
